mode: atomic
github.com/Meesho/BharatMLStack/mnemo/controlplane/internal/etcdstate/client.go:74.87,76.16 2 7
github.com/Meesho/BharatMLStack/mnemo/controlplane/internal/etcdstate/client.go:76.16,78.3 1 0
github.com/Meesho/BharatMLStack/mnemo/controlplane/internal/etcdstate/client.go:79.2,79.24 1 7
github.com/Meesho/BharatMLStack/mnemo/controlplane/internal/etcdstate/client.go:79.24,81.3 1 1
github.com/Meesho/BharatMLStack/mnemo/controlplane/internal/etcdstate/client.go:82.2,83.52 2 6
github.com/Meesho/BharatMLStack/mnemo/controlplane/internal/etcdstate/client.go:86.71,89.2 2 27
github.com/Meesho/BharatMLStack/mnemo/controlplane/internal/etcdstate/client.go:91.94,93.16 2 2
github.com/Meesho/BharatMLStack/mnemo/controlplane/internal/etcdstate/client.go:93.16,95.3 1 0
github.com/Meesho/BharatMLStack/mnemo/controlplane/internal/etcdstate/client.go:96.2,97.30 2 2
github.com/Meesho/BharatMLStack/mnemo/controlplane/internal/etcdstate/client.go:97.30,99.3 1 22
github.com/Meesho/BharatMLStack/mnemo/controlplane/internal/etcdstate/client.go:100.2,100.20 1 2
github.com/Meesho/BharatMLStack/mnemo/controlplane/internal/etcdstate/client.go:103.103,105.26 2 2
github.com/Meesho/BharatMLStack/mnemo/controlplane/internal/etcdstate/client.go:105.26,107.3 1 3
github.com/Meesho/BharatMLStack/mnemo/controlplane/internal/etcdstate/client.go:108.2,112.16 2 2
github.com/Meesho/BharatMLStack/mnemo/controlplane/internal/etcdstate/client.go:112.16,114.3 1 0
github.com/Meesho/BharatMLStack/mnemo/controlplane/internal/etcdstate/client.go:115.2,115.21 1 2
github.com/Meesho/BharatMLStack/mnemo/controlplane/internal/etcdstate/client.go:115.21,117.3 1 1
github.com/Meesho/BharatMLStack/mnemo/controlplane/internal/etcdstate/client.go:118.2,118.12 1 1
github.com/Meesho/BharatMLStack/mnemo/controlplane/internal/etcdstate/client.go:121.127,123.28 2 2
github.com/Meesho/BharatMLStack/mnemo/controlplane/internal/etcdstate/client.go:123.28,125.3 1 3
github.com/Meesho/BharatMLStack/mnemo/controlplane/internal/etcdstate/client.go:126.2,130.16 2 2
github.com/Meesho/BharatMLStack/mnemo/controlplane/internal/etcdstate/client.go:130.16,132.3 1 0
github.com/Meesho/BharatMLStack/mnemo/controlplane/internal/etcdstate/client.go:133.2,133.28 1 2
github.com/Meesho/BharatMLStack/mnemo/controlplane/internal/etcdstate/client.go:143.71,148.16 2 2
github.com/Meesho/BharatMLStack/mnemo/controlplane/internal/etcdstate/client.go:148.16,150.3 1 1
github.com/Meesho/BharatMLStack/mnemo/controlplane/internal/etcdstate/client.go:151.2,154.8 1 1
github.com/Meesho/BharatMLStack/mnemo/controlplane/internal/etcdstate/client.go:158.41,160.2 1 1
github.com/Meesho/BharatMLStack/mnemo/controlplane/internal/etcdstate/store.go:16.90,25.2 2 17
github.com/Meesho/BharatMLStack/mnemo/controlplane/internal/etcdstate/store.go:29.100,31.16 2 4
github.com/Meesho/BharatMLStack/mnemo/controlplane/internal/etcdstate/store.go:31.16,33.3 1 1
github.com/Meesho/BharatMLStack/mnemo/controlplane/internal/etcdstate/store.go:34.2,34.12 1 3
github.com/Meesho/BharatMLStack/mnemo/controlplane/internal/etcdstate/store.go:34.12,36.3 1 1
github.com/Meesho/BharatMLStack/mnemo/controlplane/internal/etcdstate/store.go:38.2,56.8 7 2
github.com/Meesho/BharatMLStack/mnemo/controlplane/internal/etcdstate/store.go:61.121,63.16 2 14
github.com/Meesho/BharatMLStack/mnemo/controlplane/internal/etcdstate/store.go:63.16,65.3 1 1
github.com/Meesho/BharatMLStack/mnemo/controlplane/internal/etcdstate/store.go:66.2,66.12 1 13
github.com/Meesho/BharatMLStack/mnemo/controlplane/internal/etcdstate/store.go:66.12,68.3 1 1
github.com/Meesho/BharatMLStack/mnemo/controlplane/internal/etcdstate/store.go:70.2,71.16 2 12
github.com/Meesho/BharatMLStack/mnemo/controlplane/internal/etcdstate/store.go:71.16,73.3 1 0
github.com/Meesho/BharatMLStack/mnemo/controlplane/internal/etcdstate/store.go:74.2,74.12 1 12
github.com/Meesho/BharatMLStack/mnemo/controlplane/internal/etcdstate/store.go:74.12,76.3 1 1
github.com/Meesho/BharatMLStack/mnemo/controlplane/internal/etcdstate/store.go:78.2,79.16 2 11
github.com/Meesho/BharatMLStack/mnemo/controlplane/internal/etcdstate/store.go:79.16,81.3 1 0
github.com/Meesho/BharatMLStack/mnemo/controlplane/internal/etcdstate/store.go:82.2,82.76 1 11
github.com/Meesho/BharatMLStack/mnemo/controlplane/internal/etcdstate/store.go:87.119,89.16 2 16
github.com/Meesho/BharatMLStack/mnemo/controlplane/internal/etcdstate/store.go:89.16,91.3 1 1
github.com/Meesho/BharatMLStack/mnemo/controlplane/internal/etcdstate/store.go:92.2,92.12 1 15
github.com/Meesho/BharatMLStack/mnemo/controlplane/internal/etcdstate/store.go:92.12,94.3 1 3
github.com/Meesho/BharatMLStack/mnemo/controlplane/internal/etcdstate/store.go:95.2,96.59 2 12
github.com/Meesho/BharatMLStack/mnemo/controlplane/internal/etcdstate/store.go:96.59,98.3 1 1
github.com/Meesho/BharatMLStack/mnemo/controlplane/internal/etcdstate/store.go:99.2,99.19 1 11
github.com/Meesho/BharatMLStack/mnemo/controlplane/internal/etcdstate/store.go:105.128,107.16 2 10
github.com/Meesho/BharatMLStack/mnemo/controlplane/internal/etcdstate/store.go:107.16,109.3 1 1
github.com/Meesho/BharatMLStack/mnemo/controlplane/internal/etcdstate/store.go:110.2,110.12 1 9
github.com/Meesho/BharatMLStack/mnemo/controlplane/internal/etcdstate/store.go:110.12,112.3 1 1
github.com/Meesho/BharatMLStack/mnemo/controlplane/internal/etcdstate/store.go:113.2,116.16 3 8
github.com/Meesho/BharatMLStack/mnemo/controlplane/internal/etcdstate/store.go:116.16,118.3 1 0
github.com/Meesho/BharatMLStack/mnemo/controlplane/internal/etcdstate/store.go:120.2,121.16 2 8
github.com/Meesho/BharatMLStack/mnemo/controlplane/internal/etcdstate/store.go:121.16,123.3 1 1
github.com/Meesho/BharatMLStack/mnemo/controlplane/internal/etcdstate/store.go:124.2,128.16 4 7
github.com/Meesho/BharatMLStack/mnemo/controlplane/internal/etcdstate/store.go:128.16,130.3 1 0
github.com/Meesho/BharatMLStack/mnemo/controlplane/internal/etcdstate/store.go:132.2,141.16 4 7
github.com/Meesho/BharatMLStack/mnemo/controlplane/internal/etcdstate/store.go:141.16,143.3 1 0
github.com/Meesho/BharatMLStack/mnemo/controlplane/internal/etcdstate/store.go:144.2,144.16 1 7
github.com/Meesho/BharatMLStack/mnemo/controlplane/internal/etcdstate/store.go:144.16,146.3 1 1
github.com/Meesho/BharatMLStack/mnemo/controlplane/internal/etcdstate/store.go:147.2,147.12 1 6
github.com/Meesho/BharatMLStack/mnemo/controlplane/internal/etcdstate/store.go:153.100,155.16 2 6
github.com/Meesho/BharatMLStack/mnemo/controlplane/internal/etcdstate/store.go:155.16,157.3 1 1
github.com/Meesho/BharatMLStack/mnemo/controlplane/internal/etcdstate/store.go:158.2,158.33 1 5
github.com/Meesho/BharatMLStack/mnemo/controlplane/internal/etcdstate/store.go:158.33,160.3 1 2
github.com/Meesho/BharatMLStack/mnemo/controlplane/internal/etcdstate/store.go:162.2,163.16 2 3
github.com/Meesho/BharatMLStack/mnemo/controlplane/internal/etcdstate/store.go:163.16,165.3 1 0
github.com/Meesho/BharatMLStack/mnemo/controlplane/internal/etcdstate/store.go:166.2,166.14 1 3
github.com/Meesho/BharatMLStack/mnemo/controlplane/internal/etcdstate/store.go:166.14,168.3 1 1
github.com/Meesho/BharatMLStack/mnemo/controlplane/internal/etcdstate/store.go:169.2,181.16 6 2
github.com/Meesho/BharatMLStack/mnemo/controlplane/internal/etcdstate/store.go:181.16,183.3 1 0
github.com/Meesho/BharatMLStack/mnemo/controlplane/internal/etcdstate/store.go:184.2,184.16 1 2
github.com/Meesho/BharatMLStack/mnemo/controlplane/internal/etcdstate/store.go:184.16,186.3 1 1
github.com/Meesho/BharatMLStack/mnemo/controlplane/internal/etcdstate/store.go:187.2,187.25 1 1
github.com/Meesho/BharatMLStack/mnemo/controlplane/internal/etcdstate/store.go:191.95,193.16 2 2
github.com/Meesho/BharatMLStack/mnemo/controlplane/internal/etcdstate/store.go:193.16,195.3 1 1
github.com/Meesho/BharatMLStack/mnemo/controlplane/internal/etcdstate/store.go:196.2,198.16 3 1
github.com/Meesho/BharatMLStack/mnemo/controlplane/internal/etcdstate/store.go:198.16,200.3 1 0
github.com/Meesho/BharatMLStack/mnemo/controlplane/internal/etcdstate/store.go:201.2,201.76 1 1
github.com/Meesho/BharatMLStack/mnemo/controlplane/internal/etcdstate/store.go:205.106,207.16 2 4
github.com/Meesho/BharatMLStack/mnemo/controlplane/internal/etcdstate/store.go:207.16,209.3 1 1
github.com/Meesho/BharatMLStack/mnemo/controlplane/internal/etcdstate/store.go:210.2,210.12 1 3
github.com/Meesho/BharatMLStack/mnemo/controlplane/internal/etcdstate/store.go:210.12,212.3 1 1
github.com/Meesho/BharatMLStack/mnemo/controlplane/internal/etcdstate/store.go:214.2,222.21 4 2
github.com/Meesho/BharatMLStack/mnemo/controlplane/internal/etcdstate/store.go:222.21,224.3 1 1
github.com/Meesho/BharatMLStack/mnemo/controlplane/internal/etcdstate/store.go:226.2,227.16 2 1
github.com/Meesho/BharatMLStack/mnemo/controlplane/internal/etcdstate/store.go:227.16,228.34 1 0
github.com/Meesho/BharatMLStack/mnemo/controlplane/internal/etcdstate/store.go:228.34,230.4 1 0
github.com/Meesho/BharatMLStack/mnemo/controlplane/internal/etcdstate/store.go:231.3,231.18 1 0
github.com/Meesho/BharatMLStack/mnemo/controlplane/internal/etcdstate/store.go:233.2,233.28 1 1
github.com/Meesho/BharatMLStack/mnemo/controlplane/internal/etcdstate/store.go:233.28,235.3 1 1
github.com/Meesho/BharatMLStack/mnemo/controlplane/internal/etcdstate/store.go:236.2,236.18 1 1
github.com/Meesho/BharatMLStack/mnemo/controlplane/internal/etcdstate/store.go:240.114,243.16 3 4
github.com/Meesho/BharatMLStack/mnemo/controlplane/internal/etcdstate/store.go:243.16,245.3 1 1
github.com/Meesho/BharatMLStack/mnemo/controlplane/internal/etcdstate/store.go:247.2,248.28 2 3
github.com/Meesho/BharatMLStack/mnemo/controlplane/internal/etcdstate/store.go:248.28,250.18 2 3
github.com/Meesho/BharatMLStack/mnemo/controlplane/internal/etcdstate/store.go:250.18,251.12 1 0
github.com/Meesho/BharatMLStack/mnemo/controlplane/internal/etcdstate/store.go:253.3,254.60 2 3
github.com/Meesho/BharatMLStack/mnemo/controlplane/internal/etcdstate/store.go:254.60,255.12 1 1
github.com/Meesho/BharatMLStack/mnemo/controlplane/internal/etcdstate/store.go:257.3,257.21 1 2
github.com/Meesho/BharatMLStack/mnemo/controlplane/internal/etcdstate/store.go:259.2,259.18 1 3
